============================= test session starts =============================
platform win32 -- Python 3.12.4, pytest-8.0.0, pluggy-1.5.0
rootdir: C:\Users\Bugco\Desktop\test\profo
plugins: anyio-4.8.0, asyncio-0.23.5, cov-7.0.0
asyncio: mode=Mode.STRICT
collected 0 items / 1 error

=================================== ERRORS ====================================
_______________ ERROR collecting backend/tests/test_projects.py _______________
ImportError while importing test module 'C:\Users\Bugco\Desktop\test\profo\backend\tests\test_projects.py'.
Hint: make sure your test modules/packages have valid Python names.
Traceback:
..\..\..\anaconda3\Lib\importlib\__init__.py:90: in import_module
    return _bootstrap._gcd_import(name[level:], package, level)
backend\tests\test_projects.py:17: in <module>
    from db import get_db, Base
E   ImportError: cannot import name 'Base' from 'db' (C:\Users\Bugco\Desktop\test\profo\backend\db.py)
============================== warnings summary ===============================
..\..\..\AppData\Roaming\Python\Python312\site-packages\starlette\formparsers.py:12
  C:\Users\Bugco\AppData\Roaming\Python\Python312\site-packages\starlette\formparsers.py:12: PendingDeprecationWarning: Please use `import python_multipart` instead.
    import multipart

..\..\..\AppData\Roaming\Python\Python312\site-packages\pydantic\_internal\_config.py:295
..\..\..\AppData\Roaming\Python\Python312\site-packages\pydantic\_internal\_config.py:295
..\..\..\AppData\Roaming\Python\Python312\site-packages\pydantic\_internal\_config.py:295
  C:\Users\Bugco\AppData\Roaming\Python\Python312\site-packages\pydantic\_internal\_config.py:295: PydanticDeprecatedSince20: Support for class-based `config` is deprecated, use ConfigDict instead. Deprecated in Pydantic V2.0 to be removed in V3.0. See Pydantic V2 Migration Guide at https://errors.pydantic.dev/2.10/migration/
    warnings.warn(DEPRECATION_MESSAGE, DeprecationWarning)

-- Docs: https://docs.pytest.org/en/stable/how-to/capture-warnings.html
=========================== short test summary info ===========================
ERROR backend/tests/test_projects.py
!!!!!!!!!!!!!!!!!!! Interrupted: 1 error during collection !!!!!!!!!!!!!!!!!!!!
======================== 4 warnings, 1 error in 2.68s =========================
